[INFO] Scanning for projects...
[INFO] 
[INFO] ---------------------< com.zenity:monProjetKarate >---------------------
[INFO] Building monProjetKarate 1.0-SNAPSHOT
[INFO]   from pom.xml
[INFO] --------------------------------[ jar ]---------------------------------
[INFO] 
[INFO] --- resources:3.3.1:resources (default-resources) @ monProjetKarate ---
[INFO] skip non existing resourceDirectory C:\Users\pc\Documents\karate-learning\monProjetKarate\src\main\resources
[INFO] 
[INFO] --- compiler:3.11.0:compile (default-compile) @ monProjetKarate ---
[INFO] No sources to compile
[INFO] 
[INFO] --- resources:3.3.1:testResources (default-testResources) @ monProjetKarate ---
[INFO] Copying 48 resources from src\test\java to target\test-classes
[INFO] 
[INFO] --- compiler:3.11.0:testCompile (default-testCompile) @ monProjetKarate ---
[INFO] Nothing to compile - all classes are up to date
[INFO] 
[INFO] --- surefire:3.0.0:test (default-test) @ monProjetKarate ---
[INFO] Using auto detected provider org.apache.maven.surefire.junitplatform.JUnitPlatformProvider
[INFO] 
[INFO] -------------------------------------------------------
[INFO]  T E S T S
[INFO] -------------------------------------------------------
[INFO] Running examples.train.TrainRunner
10:42:31.498 [main] INFO  com.intuit.karate.Runner - using system property 'karate.options': --tags @SUBMIT_ORDER
10:42:32.177 [main] DEBUG com.intuit.karate.Suite - [config] classpath:karate-config.js
10:42:34.891 [main] INFO  com.intuit.karate - karate.env system property was: null 
10:42:36.027 [main] DEBUG com.intuit.karate - request:
1 > POST https://api-ztrain.onrender.com/auth/login
1 > Content-Type: application/json; charset=UTF-8
1 > Content-Length: 58
1 > Host: api-ztrain.onrender.com
1 > Connection: Keep-Alive
1 > User-Agent: Apache-HttpClient/4.5.14 (Java/21.0.10)
1 > Accept-Encoding: gzip,deflate
{"email":"fredtchiadeu@gmail.com","password":"azertyuiop"}

10:42:38.619 [main] DEBUG com.intuit.karate - response time in milliseconds: 2578
1 < 201
1 < Date: Wed, 04 Feb 2026 09:42:37 GMT
1 < Content-Type: application/json; charset=utf-8
1 < Transfer-Encoding: chunked
1 < Connection: keep-alive
1 < CF-RAY: 9c89380b1b614807-CPT
1 < access-control-allow-origin: *
1 < etag: W/"18c-p1rvCi53H0SrMpOrdZ5WxUgv+Gs"
1 < rndr-id: 1e20335c-2573-45cb
1 < vary: Accept-Encoding
1 < x-powered-by: Express
1 < x-render-origin-server: Render
1 < cf-cache-status: DYNAMIC
1 < Server: cloudflare
1 < alt-svc: h3=":443"; ma=86400
{"user":{"_id":"697736b1215d1653dd89a3f9","email":"fredtchiadeu@gmail.com","password":"$2b$10$3CnZkWTldgGOXPAGh2EaeeVqMcevDGMRN2RfrgxZ1uNgcTPyA2HX2","createdAt":"2026-01-26T09:05:03.413Z","isGoogle":false,"__v":0},"token":"eyJhbGciOiJIUzI1NiIsInR5cCI6IkpXVCJ9.eyJpZCI6IjY5NzczNmIxMjE1ZDE2NTNkZDg5YTNmOSIsImlhdCI6MTc3MDE5ODE1NywiZXhwIjoxNzcwMjg0NTU3fQ.OqATBns2a_f4jUeKmNXayT8qXXfYmYGQX26AxO-MNEw"}

10:42:38.642 [main] INFO  com.intuit.karate - [print] User ID: 697736b1215d1653dd89a3f9 
10:42:38.650 [main] INFO  com.intuit.karate - [print] Token: eyJhbGciOiJIUzI1NiIsInR5cCI6IkpXVCJ9.eyJpZCI6IjY5NzczNmIxMjE1ZDE2NTNkZDg5YTNmOSIsImlhdCI6MTc3MDE5ODE1NywiZXhwIjoxNzcwMjg0NTU3fQ.OqATBns2a_f4jUeKmNXayT8qXXfYmYGQX26AxO-MNEw 
10:42:38.738 [main] DEBUG com.intuit.karate - request:
1 > POST https://api-ztrain.onrender.com/auth/login
1 > Content-Type: application/json; charset=UTF-8
1 > Content-Length: 58
1 > Host: api-ztrain.onrender.com
1 > Connection: Keep-Alive
1 > User-Agent: Apache-HttpClient/4.5.14 (Java/21.0.10)
1 > Accept-Encoding: gzip,deflate
{"email":"fredtchiadeu@gmail.com","password":"azertyuiop"}

10:42:40.680 [main] DEBUG com.intuit.karate - response time in milliseconds: 1942
1 < 201
1 < Date: Wed, 04 Feb 2026 09:42:39 GMT
1 < Content-Type: application/json; charset=utf-8
1 < Transfer-Encoding: chunked
1 < Connection: keep-alive
1 < CF-RAY: 9c89381d39b4ef3c-LHR
1 < access-control-allow-origin: *
1 < etag: W/"18c-BhpsTOvoTPgDt0SrXFNeMIf8yP0"
1 < rndr-id: 2b80cf37-4c0b-4f2c
1 < vary: Accept-Encoding
1 < x-powered-by: Express
1 < x-render-origin-server: Render
1 < cf-cache-status: DYNAMIC
1 < Server: cloudflare
1 < alt-svc: h3=":443"; ma=86400
{"user":{"_id":"697736b1215d1653dd89a3f9","email":"fredtchiadeu@gmail.com","password":"$2b$10$3CnZkWTldgGOXPAGh2EaeeVqMcevDGMRN2RfrgxZ1uNgcTPyA2HX2","createdAt":"2026-01-26T09:05:03.413Z","isGoogle":false,"__v":0},"token":"eyJhbGciOiJIUzI1NiIsInR5cCI6IkpXVCJ9.eyJpZCI6IjY5NzczNmIxMjE1ZDE2NTNkZDg5YTNmOSIsImlhdCI6MTc3MDE5ODE1OSwiZXhwIjoxNzcwMjg0NTU5fQ.vr4WdZwt-wTczi18ZhCAH9clVtnH9XufEoKisCjkWFE"}

10:42:40.685 [main] INFO  com.intuit.karate - [print] Token obtenu: eyJhbGciOiJIUzI1NiIsInR5cCI6IkpXVCJ9.eyJpZCI6IjY5NzczNmIxMjE1ZDE2NTNkZDg5YTNmOSIsImlhdCI6MTc3MDE5ODE1OSwiZXhwIjoxNzcwMjg0NTU5fQ.vr4WdZwt-wTczi18ZhCAH9clVtnH9XufEoKisCjkWFE 
10:42:40.695 [main] DEBUG com.intuit.karate - request:
1 > POST https://api-ztrain.onrender.com/product/create
1 > Content-Type: application/json; charset=UTF-8
1 > Authorization: Bearer eyJhbGciOiJIUzI1NiIsInR5cCI6IkpXVCJ9.eyJpZCI6IjY5NzczNmIxMjE1ZDE2NTNkZDg5YTNmOSIsImlhdCI6MTc3MDE5ODE1OSwiZXhwIjoxNzcwMjg0NTU5fQ.vr4WdZwt-wTczi18ZhCAH9clVtnH9XufEoKisCjkWFE
1 > Content-Length: 453
1 > Host: api-ztrain.onrender.com
1 > Connection: Keep-Alive
1 > User-Agent: Apache-HttpClient/4.5.14 (Java/21.0.10)
1 > Accept-Encoding: gzip,deflate
{"name":"Produit Test 1770198158684","description":"Ceci est une description de test pour le produit. Elle doit faire au moins 100 caracteres pour etre valide par l API ZTrain. Voici plus de texte.","image":["https:\/\/image1.png","https:\/\/image2.png","https:\/\/image3.png"],"price":10,"requestId":12345,"isActive":false,"category":"625d70ef3f538325fe268e56","promotion":"6283b33d0effaba5dd6a94fc","attributs":{"colors":["green"],"height":["M","L"]}}

10:42:41.916 [main] DEBUG com.intuit.karate - response time in milliseconds: 1219
1 < 201
1 < Date: Wed, 04 Feb 2026 09:42:40 GMT
1 < Content-Type: application/json; charset=utf-8
1 < Transfer-Encoding: chunked
1 < Connection: keep-alive
1 < CF-RAY: 9c8938242e8d0720-CPT
1 < access-control-allow-origin: *
1 < etag: W/"24b-cgv4lwWqVd1SFyTZy0JbPva1lpA"
1 < rndr-id: 4f5c550b-1ef2-40ef
1 < vary: Accept-Encoding
1 < x-powered-by: Express
1 < x-render-origin-server: Render
1 < cf-cache-status: DYNAMIC
1 < Server: cloudflare
1 < alt-svc: h3=":443"; ma=86400
{"name":"Produit Test 1770198158684","description":"Ceci est une description de test pour le produit. Elle doit faire au moins 100 caracteres pour etre valide par l API ZTrain. Voici plus de texte.","image":["https://image1.png","https://image2.png","https://image3.png"],"price":10,"comments":[],"isActive":false,"category":"625d70ef3f538325fe268e56","promotion":"6283b33d0effaba5dd6a94fc","attributs":{"colors":["green"],"height":["M","L"],"_id":"69831490ea8ae269fa861e73"},"createAt":"2026-02-04T08:04:48.891Z","_id":"69831490ea8ae269fa861e72","__v":0,"id":"69831490ea8ae269fa861e72"}

10:42:41.921 [main] INFO  com.intuit.karate - [print] Produit cree: {
  "name": "Produit Test 1770198158684",
  "description": "Ceci est une description de test pour le produit. Elle doit faire au moins 100 caracteres pour etre valide par l API ZTrain. Voici plus de texte.",
  "image": [
    "https://image1.png",
    "https://image2.png",
    "https://image3.png"
  ],
  "price": 10,
  "comments": [
  ],
  "isActive": false,
  "category": "625d70ef3f538325fe268e56",
  "promotion": "6283b33d0effaba5dd6a94fc",
  "attributs": {
    "colors": [
      "green"
    ],
    "height": [
      "M",
      "L"
    ],
    "_id": "69831490ea8ae269fa861e73"
  },
  "createAt": "2026-02-04T08:04:48.891Z",
  "_id": "69831490ea8ae269fa861e72",
  "__v": 0,
  "id": "69831490ea8ae269fa861e72"
}
 
10:42:41.954 [main] INFO  com.intuit.karate - [print] Product ID: 69831490ea8ae269fa861e72 
10:42:41.972 [main] DEBUG com.intuit.karate - request:
1 > POST https://api-ztrain.onrender.com/cart/add
1 > Content-Type: application/json; charset=UTF-8
1 > Authorization: Bearer eyJhbGciOiJIUzI1NiIsInR5cCI6IkpXVCJ9.eyJpZCI6IjY5NzczNmIxMjE1ZDE2NTNkZDg5YTNmOSIsImlhdCI6MTc3MDE5ODE1NywiZXhwIjoxNzcwMjg0NTU3fQ.OqATBns2a_f4jUeKmNXayT8qXXfYmYGQX26AxO-MNEw
1 > Content-Length: 88
1 > Host: api-ztrain.onrender.com
1 > Connection: Keep-Alive
1 > User-Agent: Apache-HttpClient/4.5.14 (Java/21.0.10)
1 > Accept-Encoding: gzip,deflate
{"product":"69831490ea8ae269fa861e72","user_id":"697736b1215d1653dd89a3f9","quantity":1}

10:42:44.193 [main] DEBUG com.intuit.karate - response time in milliseconds: 2221
1 < 201
1 < Date: Wed, 04 Feb 2026 09:42:43 GMT
1 < Content-Type: application/json; charset=utf-8
1 < Transfer-Encoding: chunked
1 < Connection: keep-alive
1 < CF-RAY: 9c89382e1e02a678-LHR
1 < access-control-allow-origin: *
1 < etag: W/"2f-vlS/vkLhE3blGQrHwuHXtuie9Ac"
1 < rndr-id: 0b6e72e5-de65-4f53
1 < vary: Accept-Encoding
1 < x-powered-by: Express
1 < x-render-origin-server: Render
1 < cf-cache-status: DYNAMIC
1 < Server: cloudflare
1 < alt-svc: h3=":443"; ma=86400
{"message":"Votre panier Ó ÚtÚ mis Ó jour"}

10:42:44.195 [main] INFO  com.intuit.karate - [print] Produit ajoute au panier 
10:42:44.203 [main] DEBUG com.intuit.karate - request:
2 > PUT https://api-ztrain.onrender.com/cart/update
2 > Content-Type: application/json; charset=UTF-8
2 > Authorization: Bearer eyJhbGciOiJIUzI1NiIsInR5cCI6IkpXVCJ9.eyJpZCI6IjY5NzczNmIxMjE1ZDE2NTNkZDg5YTNmOSIsImlhdCI6MTc3MDE5ODE1NywiZXhwIjoxNzcwMjg0NTU3fQ.OqATBns2a_f4jUeKmNXayT8qXXfYmYGQX26AxO-MNEw
2 > Content-Length: 88
2 > Host: api-ztrain.onrender.com
2 > Connection: Keep-Alive
2 > User-Agent: Apache-HttpClient/4.5.14 (Java/21.0.10)
2 > Accept-Encoding: gzip,deflate
{"product":"69831490ea8ae269fa861e72","user_id":"697736b1215d1653dd89a3f9","quantity":3}

10:42:45.902 [main] DEBUG com.intuit.karate - response time in milliseconds: 1698
2 < 200
2 < Date: Wed, 04 Feb 2026 09:42:44 GMT
2 < Content-Type: application/json; charset=utf-8
2 < Transfer-Encoding: chunked
2 < Connection: keep-alive
2 < access-control-allow-origin: *
2 < etag: W/"2f-vlS/vkLhE3blGQrHwuHXtuie9Ac"
2 < rndr-id: 621fef2c-fd71-4d8b
2 < vary: Accept-Encoding
2 < x-powered-by: Express
2 < x-render-origin-server: Render
2 < cf-cache-status: DYNAMIC
2 < Server: cloudflare
2 < CF-RAY: 9c893839fa84df88-CPT
2 < alt-svc: h3=":443"; ma=86400
{"message":"Votre panier Ó ÚtÚ mis Ó jour"}

10:42:45.905 [main] INFO  com.intuit.karate - [print] Quantite mise a jour 
10:42:45.913 [main] DEBUG com.intuit.karate - request:
3 > POST https://api-ztrain.onrender.com/command/create
3 > Content-Type: application/json; charset=UTF-8
3 > Authorization: Bearer eyJhbGciOiJIUzI1NiIsInR5cCI6IkpXVCJ9.eyJpZCI6IjY5NzczNmIxMjE1ZDE2NTNkZDg5YTNmOSIsImlhdCI6MTc3MDE5ODE1NywiZXhwIjoxNzcwMjg0NTU3fQ.OqATBns2a_f4jUeKmNXayT8qXXfYmYGQX26AxO-MNEw
3 > Content-Length: 715
3 > Host: api-ztrain.onrender.com
3 > Connection: Keep-Alive
3 > User-Agent: Apache-HttpClient/4.5.14 (Java/21.0.10)
3 > Accept-Encoding: gzip,deflate
{"user_id":"697736b1215d1653dd89a3f9","products":[{"product":{"name":"Produit Test 1770198158684","description":"Ceci est une description de test pour le produit. Elle doit faire au moins 100 caracteres pour etre valide par l API ZTrain. Voici plus de texte.","image":["https:\/\/image1.png","https:\/\/image2.png","https:\/\/image3.png"],"price":10,"comments":[],"isActive":false,"category":"625d70ef3f538325fe268e56","promotion":"6283b33d0effaba5dd6a94fc","attributs":{"colors":["green"],"height":["M","L"],"_id":"69831490ea8ae269fa861e73"},"createAt":"2026-02-04T08:04:48.891Z","_id":"69831490ea8ae269fa861e72","__v":0,"id":"69831490ea8ae269fa861e72"},"quantity":3}],"shipping_method":"627ce1b06ba58352b9229552"}

10:42:47.128 [main] DEBUG com.intuit.karate - response time in milliseconds: 1213
3 < 400
3 < Date: Wed, 04 Feb 2026 09:42:46 GMT
3 < Content-Type: application/json; charset=utf-8
3 < Transfer-Encoding: chunked
3 < Connection: keep-alive
3 < CF-RAY: 9c893845acb1e20e-LHR
3 < access-control-allow-origin: *
3 < etag: W/"be-13DtKaaCZMCom7hKKY5pt0OP7hY"
3 < rndr-id: e48577c9-2f5f-42b3
3 < vary: Accept-Encoding
3 < x-powered-by: Express
3 < x-render-origin-server: Render
3 < cf-cache-status: DYNAMIC
3 < Server: cloudflare
3 < alt-svc: h3=":443"; ma=86400
{"statusCode":400,"message":["address should not be null or undefined","address should not be empty","card should not be null or undefined","card should not be empty"],"error":"Bad Request"}

10:42:47.141 [main] ERROR com.intuit.karate - classpath:examples/train/submitOrder.feature:51
Then status 201
status code was: 400, expected: 201, response time in milliseconds: 1213, url: https://api-ztrain.onrender.com/command/create, response: 
{"statusCode":400,"message":["address should not be null or undefined","address should not be empty","card should not be null or undefined","card should not be empty"],"error":"Bad Request"}
classpath:examples/train/submitOrder.feature:51
---------------------------------------------------------
feature: classpath:examples/train/submitOrder.feature
scenarios:  1 | passed:  0 | failed:  1 | time: 12,1211
---------------------------------------------------------

[ERROR] Tests run: 1, Failures: 1, Errors: 0, Skipped: 0, Time elapsed: 18.671 s <<< FAILURE! - in examples.train.TrainRunner
[ERROR] examples/train/submitOrder.[1:9] Create product, add to cart, and submit order  Time elapsed: 14.319 s  <<< FAILURE!
org.opentest4j.AssertionFailedError: 
status code was: 400, expected: 201, response time in milliseconds: 1213, url: https://api-ztrain.onrender.com/command/create, response: 
{"statusCode":400,"message":["address should not be null or undefined","address should not be empty","card should not be null or undefined","card should not be empty"],"error":"Bad Request"}
classpath:examples/train/submitOrder.feature:51
	at com.intuit.karate.junit5.FeatureNode.lambda$next$1(FeatureNode.java:86)
	at java.base/java.util.stream.ForEachOps$ForEachOp$OfRef.accept(ForEachOps.java:184)
	at java.base/java.util.stream.ReferencePipeline$3$1.accept(ReferencePipeline.java:197)
	at java.base/java.util.stream.ReferencePipeline$2$1.accept(ReferencePipeline.java:179)
	at java.base/java.util.stream.ReferencePipeline$3$1.accept(ReferencePipeline.java:197)
	at java.base/java.util.Iterator.forEachRemaining(Iterator.java:133)
	at java.base/java.util.Spliterators$IteratorSpliterator.forEachRemaining(Spliterators.java:1939)
	at java.base/java.util.stream.AbstractPipeline.copyInto(AbstractPipeline.java:509)
	at java.base/java.util.stream.AbstractPipeline.wrapAndCopyInto(AbstractPipeline.java:499)
	at java.base/java.util.stream.ForEachOps$ForEachOp.evaluateSequential(ForEachOps.java:151)
	at java.base/java.util.stream.ForEachOps$ForEachOp$OfRef.evaluateSequential(ForEachOps.java:174)
	at java.base/java.util.stream.AbstractPipeline.evaluate(AbstractPipeline.java:234)
	at java.base/java.util.stream.ReferencePipeline.forEachOrdered(ReferencePipeline.java:601)
	at java.base/java.util.Optional.ifPresent(Optional.java:178)
	at java.base/java.util.ArrayList.forEach(ArrayList.java:1596)
	at java.base/java.util.ArrayList.forEach(ArrayList.java:1596)

[INFO] 
[INFO] Results:
[INFO] 
[ERROR] Failures: 
[ERROR]   status code was: 400, expected: 201, response time in milliseconds: 1213, url: https://api-ztrain.onrender.com/command/create, response: 
{"statusCode":400,"message":["address should not be null or undefined","address should not be empty","card should not be null or undefined","card should not be empty"],"error":"Bad Request"}
classpath:examples/train/submitOrder.feature:51
[INFO] 
[ERROR] Tests run: 1, Failures: 1, Errors: 0, Skipped: 0
[INFO] 
[INFO] ------------------------------------------------------------------------
[INFO] BUILD FAILURE
[INFO] ------------------------------------------------------------------------
[INFO] Total time:  24.254 s
[INFO] Finished at: 2026-02-04T10:42:49+01:00
[INFO] ------------------------------------------------------------------------
[ERROR] Failed to execute goal org.apache.maven.plugins:maven-surefire-plugin:3.0.0:test (default-test) on project monProjetKarate: There are test failures.
[ERROR] 
[ERROR] Please refer to C:\Users\pc\Documents\karate-learning\monProjetKarate\target\surefire-reports for the individual test results.
[ERROR] Please refer to dump files (if any exist) [date].dump, [date]-jvmRun[N].dump and [date].dumpstream.
[ERROR] -> [Help 1]
[ERROR] 
[ERROR] To see the full stack trace of the errors, re-run Maven with the -e switch.
[ERROR] Re-run Maven using the -X switch to enable full debug logging.
[ERROR] 
[ERROR] For more information about the errors and possible solutions, please read the following articles:
[ERROR] [Help 1] http://cwiki.apache.org/confluence/display/MAVEN/MojoFailureException
